// Jest Snapshot v1, https://goo.gl/fbAQLP

exports[`renders correctly 1`] = `
<View
  style={
    Array [
      Object {
        "alignSelf": "stretch",
        "flexDirection": "row",
        "justifyContent": "center",
        "position": "relative",
      },
      Object {
        "height": undefined,
      },
      undefined,
    ]
  }
/>
`;
